[0.009s] Invoking command in '/home/sudhansu/Desktop/Arduino/Serial_terminal/ros2_ws/build/my_robot_hardware': CMAKE_PREFIX_PATH=${CMAKE_PREFIX_PATH}:/home/sudhansu/Desktop/Arduino/Serial_terminal/ros2_ws/install/serial_motor_node:/home/sudhansu/install/my_robot_controller:/home/sudhansu/Desktop/ROS2/ros2_workspace/install/urdf_rviz_r2d2:/home/sudhansu/Desktop/ROS2/ros2_workspace/install/py_srvcli:/home/sudhansu/Desktop/ROS2/ros2_workspace/install/my_robot_controller:/opt/ros/humble /usr/bin/cmake /home/sudhansu/Desktop/Arduino/Serial_terminal/ros2_ws/src/my_robot_hardware -DCMAKE_INSTALL_PREFIX=/home/sudhansu/Desktop/Arduino/Serial_terminal/ros2_ws/install/my_robot_hardware
[0.057s] -- The C compiler identification is GNU 11.4.0
[0.099s] -- The CXX compiler identification is GNU 11.4.0
[0.105s] -- Detecting C compiler ABI info
[0.159s] -- Detecting C compiler ABI info - done
[0.164s] -- Check for working C compiler: /usr/bin/cc - skipped
[0.165s] -- Detecting C compile features
[0.165s] -- Detecting C compile features - done
[0.168s] -- Detecting CXX compiler ABI info
[0.231s] -- Detecting CXX compiler ABI info - done
[0.237s] -- Check for working CXX compiler: /usr/bin/c++ - skipped
[0.237s] -- Detecting CXX compile features
[0.238s] -- Detecting CXX compile features - done
[0.241s] -- Found ament_cmake: 1.3.11 (/opt/ros/humble/share/ament_cmake/cmake)
[0.363s] -- Found Python3: /usr/bin/python3 (found version "3.10.12") found components: Interpreter 
[0.447s] -- Found hardware_interface: 2.51.0 (/opt/ros/humble/share/hardware_interface/cmake)
[0.486s] -- Found rosidl_generator_c: 3.1.6 (/opt/ros/humble/share/rosidl_generator_c/cmake)
[0.491s] -- Found rosidl_adapter: 3.1.6 (/opt/ros/humble/share/rosidl_adapter/cmake)
[0.499s] -- Found rosidl_generator_cpp: 3.1.6 (/opt/ros/humble/share/rosidl_generator_cpp/cmake)
[0.510s] -- Using all available rosidl_typesupport_c: rosidl_typesupport_fastrtps_c;rosidl_typesupport_introspection_c
[0.526s] -- Using all available rosidl_typesupport_cpp: rosidl_typesupport_fastrtps_cpp;rosidl_typesupport_introspection_cpp
[0.704s] -- Found rmw_implementation_cmake: 6.1.2 (/opt/ros/humble/share/rmw_implementation_cmake/cmake)
[0.707s] -- Found rmw_fastrtps_cpp: 6.2.7 (/opt/ros/humble/share/rmw_fastrtps_cpp/cmake)
[0.730s] -- Found TinyXML2 via Config file: TinyXML2_DIR-NOTFOUND
[0.770s] -- Found OpenSSL: /usr/lib/x86_64-linux-gnu/libcrypto.so (found version "3.0.2")  
[0.773s] -- Found TinyXML2 via Config file: TinyXML2_DIR-NOTFOUND
[0.786s] -- Found FastRTPS: /opt/ros/humble/include  
[0.788s] -- Found TinyXML2 via Config file: TinyXML2_DIR-NOTFOUND
[0.794s] -- Found TinyXML2 via Config file: TinyXML2_DIR-NOTFOUND
[0.802s] -- Using RMW implementation 'rmw_fastrtps_cpp' as default
[0.811s] -- Looking for pthread.h
[0.866s] -- Looking for pthread.h - found
[0.866s] -- Performing Test CMAKE_HAVE_LIBC_PTHREAD
[0.922s] -- Performing Test CMAKE_HAVE_LIBC_PTHREAD - Success
[0.923s] -- Found Threads: TRUE  
[1.021s] -- Configuring done
[1.048s] -- Generating done
[1.054s] -- Build files have been written to: /home/sudhansu/Desktop/Arduino/Serial_terminal/ros2_ws/build/my_robot_hardware
[1.066s] Invoked command in '/home/sudhansu/Desktop/Arduino/Serial_terminal/ros2_ws/build/my_robot_hardware' returned '0': CMAKE_PREFIX_PATH=${CMAKE_PREFIX_PATH}:/home/sudhansu/Desktop/Arduino/Serial_terminal/ros2_ws/install/serial_motor_node:/home/sudhansu/install/my_robot_controller:/home/sudhansu/Desktop/ROS2/ros2_workspace/install/urdf_rviz_r2d2:/home/sudhansu/Desktop/ROS2/ros2_workspace/install/py_srvcli:/home/sudhansu/Desktop/ROS2/ros2_workspace/install/my_robot_controller:/opt/ros/humble /usr/bin/cmake /home/sudhansu/Desktop/Arduino/Serial_terminal/ros2_ws/src/my_robot_hardware -DCMAKE_INSTALL_PREFIX=/home/sudhansu/Desktop/Arduino/Serial_terminal/ros2_ws/install/my_robot_hardware
[1.066s] Invoking command in '/home/sudhansu/Desktop/Arduino/Serial_terminal/ros2_ws/build/my_robot_hardware': CMAKE_PREFIX_PATH=${CMAKE_PREFIX_PATH}:/home/sudhansu/Desktop/Arduino/Serial_terminal/ros2_ws/install/serial_motor_node:/home/sudhansu/install/my_robot_controller:/home/sudhansu/Desktop/ROS2/ros2_workspace/install/urdf_rviz_r2d2:/home/sudhansu/Desktop/ROS2/ros2_workspace/install/py_srvcli:/home/sudhansu/Desktop/ROS2/ros2_workspace/install/my_robot_controller:/opt/ros/humble /usr/bin/cmake --build /home/sudhansu/Desktop/Arduino/Serial_terminal/ros2_ws/build/my_robot_hardware -- -j8 -l8
[1.104s] [ 50%] [32mBuilding CXX object CMakeFiles/my_robot_hardware.dir/src/my_robot_hardware.cpp.o[0m
[2.856s] [01m[K/home/sudhansu/Desktop/Arduino/Serial_terminal/ros2_ws/src/my_robot_hardware/src/my_robot_hardware.cpp:[m[K In function ‘[01m[Kint my_robot_hardware::open_serial(const string&, int)[m[K’:
[2.856s] [01m[K/home/sudhansu/Desktop/Arduino/Serial_terminal/ros2_ws/src/my_robot_hardware/src/my_robot_hardware.cpp:15:46:[m[K [01;35m[Kwarning: [m[Kunused parameter ‘[01m[Kbaudrate[m[K’ [[01;35m[K]8;;https://gcc.gnu.org/onlinedocs/gcc/Warning-Options.html#index-Wunused-parameter-Wunused-parameter]8;;[m[K]
[2.856s]    15 | int open_serial(const std::string &port, [01;35m[Kint baudrate[m[K)
[2.856s]       |                                          [01;35m[K~~~~^~~~~~~~[m[K
[3.522s] [100%] [32m[1mLinking CXX shared library libmy_robot_hardware.so[0m
[3.656s] [100%] Built target my_robot_hardware
[3.665s] Invoked command in '/home/sudhansu/Desktop/Arduino/Serial_terminal/ros2_ws/build/my_robot_hardware' returned '0': CMAKE_PREFIX_PATH=${CMAKE_PREFIX_PATH}:/home/sudhansu/Desktop/Arduino/Serial_terminal/ros2_ws/install/serial_motor_node:/home/sudhansu/install/my_robot_controller:/home/sudhansu/Desktop/ROS2/ros2_workspace/install/urdf_rviz_r2d2:/home/sudhansu/Desktop/ROS2/ros2_workspace/install/py_srvcli:/home/sudhansu/Desktop/ROS2/ros2_workspace/install/my_robot_controller:/opt/ros/humble /usr/bin/cmake --build /home/sudhansu/Desktop/Arduino/Serial_terminal/ros2_ws/build/my_robot_hardware -- -j8 -l8
[3.673s] Invoking command in '/home/sudhansu/Desktop/Arduino/Serial_terminal/ros2_ws/build/my_robot_hardware': CMAKE_PREFIX_PATH=${CMAKE_PREFIX_PATH}:/home/sudhansu/Desktop/Arduino/Serial_terminal/ros2_ws/install/serial_motor_node:/home/sudhansu/install/my_robot_controller:/home/sudhansu/Desktop/ROS2/ros2_workspace/install/urdf_rviz_r2d2:/home/sudhansu/Desktop/ROS2/ros2_workspace/install/py_srvcli:/home/sudhansu/Desktop/ROS2/ros2_workspace/install/my_robot_controller:/opt/ros/humble /usr/bin/cmake --install /home/sudhansu/Desktop/Arduino/Serial_terminal/ros2_ws/build/my_robot_hardware
[3.677s] -- Install configuration: ""
[3.677s] -- Installing: /home/sudhansu/Desktop/Arduino/Serial_terminal/ros2_ws/install/my_robot_hardware/share/my_robot_hardware/my_robot_hardware.xml
[3.678s] -- Installing: /home/sudhansu/Desktop/Arduino/Serial_terminal/ros2_ws/install/my_robot_hardware/lib/libmy_robot_hardware.so
[3.678s] -- Set runtime path of "/home/sudhansu/Desktop/Arduino/Serial_terminal/ros2_ws/install/my_robot_hardware/lib/libmy_robot_hardware.so" to ""
[3.678s] -- Installing: /home/sudhansu/Desktop/Arduino/Serial_terminal/ros2_ws/install/my_robot_hardware/include
[3.678s] -- Installing: /home/sudhansu/Desktop/Arduino/Serial_terminal/ros2_ws/install/my_robot_hardware/include/my_robot_hardware
[3.678s] -- Installing: /home/sudhansu/Desktop/Arduino/Serial_terminal/ros2_ws/install/my_robot_hardware/include/my_robot_hardware/my_robot_hardware.hpp
[3.678s] -- Up-to-date: /home/sudhansu/Desktop/Arduino/Serial_terminal/ros2_ws/install/my_robot_hardware/share/my_robot_hardware/my_robot_hardware.xml
[3.678s] -- Installing: /home/sudhansu/Desktop/Arduino/Serial_terminal/ros2_ws/install/my_robot_hardware/share/ament_index/resource_index/package_run_dependencies/my_robot_hardware
[3.678s] -- Installing: /home/sudhansu/Desktop/Arduino/Serial_terminal/ros2_ws/install/my_robot_hardware/share/ament_index/resource_index/parent_prefix_path/my_robot_hardware
[3.679s] -- Installing: /home/sudhansu/Desktop/Arduino/Serial_terminal/ros2_ws/install/my_robot_hardware/share/my_robot_hardware/environment/ament_prefix_path.sh
[3.679s] -- Installing: /home/sudhansu/Desktop/Arduino/Serial_terminal/ros2_ws/install/my_robot_hardware/share/my_robot_hardware/environment/ament_prefix_path.dsv
[3.679s] -- Installing: /home/sudhansu/Desktop/Arduino/Serial_terminal/ros2_ws/install/my_robot_hardware/share/my_robot_hardware/environment/path.sh
[3.679s] -- Installing: /home/sudhansu/Desktop/Arduino/Serial_terminal/ros2_ws/install/my_robot_hardware/share/my_robot_hardware/environment/path.dsv
[3.679s] -- Installing: /home/sudhansu/Desktop/Arduino/Serial_terminal/ros2_ws/install/my_robot_hardware/share/my_robot_hardware/local_setup.bash
[3.679s] -- Installing: /home/sudhansu/Desktop/Arduino/Serial_terminal/ros2_ws/install/my_robot_hardware/share/my_robot_hardware/local_setup.sh
[3.679s] -- Installing: /home/sudhansu/Desktop/Arduino/Serial_terminal/ros2_ws/install/my_robot_hardware/share/my_robot_hardware/local_setup.zsh
[3.679s] -- Installing: /home/sudhansu/Desktop/Arduino/Serial_terminal/ros2_ws/install/my_robot_hardware/share/my_robot_hardware/local_setup.dsv
[3.679s] -- Installing: /home/sudhansu/Desktop/Arduino/Serial_terminal/ros2_ws/install/my_robot_hardware/share/my_robot_hardware/package.dsv
[3.679s] -- Installing: /home/sudhansu/Desktop/Arduino/Serial_terminal/ros2_ws/install/my_robot_hardware/share/ament_index/resource_index/packages/my_robot_hardware
[3.679s] -- Installing: /home/sudhansu/Desktop/Arduino/Serial_terminal/ros2_ws/install/my_robot_hardware/share/ament_index/resource_index/hardware_interface__pluginlib__plugin/my_robot_hardware
[3.679s] -- Installing: /home/sudhansu/Desktop/Arduino/Serial_terminal/ros2_ws/install/my_robot_hardware/share/my_robot_hardware/cmake/my_robot_hardwareConfig.cmake
[3.679s] -- Installing: /home/sudhansu/Desktop/Arduino/Serial_terminal/ros2_ws/install/my_robot_hardware/share/my_robot_hardware/cmake/my_robot_hardwareConfig-version.cmake
[3.679s] -- Installing: /home/sudhansu/Desktop/Arduino/Serial_terminal/ros2_ws/install/my_robot_hardware/share/my_robot_hardware/package.xml
[3.681s] Invoked command in '/home/sudhansu/Desktop/Arduino/Serial_terminal/ros2_ws/build/my_robot_hardware' returned '0': CMAKE_PREFIX_PATH=${CMAKE_PREFIX_PATH}:/home/sudhansu/Desktop/Arduino/Serial_terminal/ros2_ws/install/serial_motor_node:/home/sudhansu/install/my_robot_controller:/home/sudhansu/Desktop/ROS2/ros2_workspace/install/urdf_rviz_r2d2:/home/sudhansu/Desktop/ROS2/ros2_workspace/install/py_srvcli:/home/sudhansu/Desktop/ROS2/ros2_workspace/install/my_robot_controller:/opt/ros/humble /usr/bin/cmake --install /home/sudhansu/Desktop/Arduino/Serial_terminal/ros2_ws/build/my_robot_hardware
