[0.022s] Invoking command in '/home/sudhansu/Desktop/Arduino/Serial_terminal/ros2_ws/build/my_robot_hardware': CMAKE_PREFIX_PATH=${CMAKE_PREFIX_PATH}:/home/sudhansu/Desktop/Arduino/Serial_terminal/ros2_ws/install/serial_motor_node:/home/sudhansu/install/my_robot_controller:/home/sudhansu/Desktop/ROS2/ros2_workspace/install/urdf_rviz_r2d2:/home/sudhansu/Desktop/ROS2/ros2_workspace/install/py_srvcli:/home/sudhansu/Desktop/ROS2/ros2_workspace/install/my_robot_controller:/opt/ros/humble /usr/bin/cmake /home/sudhansu/Desktop/Arduino/Serial_terminal/ros2_ws/src/my_robot_hardware -DCMAKE_INSTALL_PREFIX=/home/sudhansu/Desktop/Arduino/Serial_terminal/ros2_ws/install/my_robot_hardware
[0.039s] -- Found ament_cmake: 1.3.11 (/opt/ros/humble/share/ament_cmake/cmake)
[0.175s] -- Override CMake install command with custom implementation using symlinks instead of copying resources
[0.188s] -- Found hardware_interface: 2.51.0 (/opt/ros/humble/share/hardware_interface/cmake)
[0.217s] -- Found rosidl_generator_c: 3.1.6 (/opt/ros/humble/share/rosidl_generator_c/cmake)
[0.220s] -- Found rosidl_adapter: 3.1.6 (/opt/ros/humble/share/rosidl_adapter/cmake)
[0.228s] -- Found rosidl_generator_cpp: 3.1.6 (/opt/ros/humble/share/rosidl_generator_cpp/cmake)
[0.242s] -- Using all available rosidl_typesupport_c: rosidl_typesupport_fastrtps_c;rosidl_typesupport_introspection_c
[0.255s] -- Using all available rosidl_typesupport_cpp: rosidl_typesupport_fastrtps_cpp;rosidl_typesupport_introspection_cpp
[0.444s] -- Found rmw_implementation_cmake: 6.1.2 (/opt/ros/humble/share/rmw_implementation_cmake/cmake)
[0.446s] -- Found rmw_fastrtps_cpp: 6.2.7 (/opt/ros/humble/share/rmw_fastrtps_cpp/cmake)
[0.467s] -- Found TinyXML2 via Config file: TinyXML2_DIR-NOTFOUND
[0.476s] -- Found TinyXML2 via Config file: TinyXML2_DIR-NOTFOUND
[0.492s] -- Found TinyXML2 via Config file: TinyXML2_DIR-NOTFOUND
[0.501s] -- Found TinyXML2 via Config file: TinyXML2_DIR-NOTFOUND
[0.511s] -- Using RMW implementation 'rmw_fastrtps_cpp' as default
[0.638s] -- Configuring done
[0.668s] -- Generating done
[0.673s] -- Build files have been written to: /home/sudhansu/Desktop/Arduino/Serial_terminal/ros2_ws/build/my_robot_hardware
[0.680s] Invoked command in '/home/sudhansu/Desktop/Arduino/Serial_terminal/ros2_ws/build/my_robot_hardware' returned '0': CMAKE_PREFIX_PATH=${CMAKE_PREFIX_PATH}:/home/sudhansu/Desktop/Arduino/Serial_terminal/ros2_ws/install/serial_motor_node:/home/sudhansu/install/my_robot_controller:/home/sudhansu/Desktop/ROS2/ros2_workspace/install/urdf_rviz_r2d2:/home/sudhansu/Desktop/ROS2/ros2_workspace/install/py_srvcli:/home/sudhansu/Desktop/ROS2/ros2_workspace/install/my_robot_controller:/opt/ros/humble /usr/bin/cmake /home/sudhansu/Desktop/Arduino/Serial_terminal/ros2_ws/src/my_robot_hardware -DCMAKE_INSTALL_PREFIX=/home/sudhansu/Desktop/Arduino/Serial_terminal/ros2_ws/install/my_robot_hardware
[0.682s] Invoking command in '/home/sudhansu/Desktop/Arduino/Serial_terminal/ros2_ws/build/my_robot_hardware': CMAKE_PREFIX_PATH=${CMAKE_PREFIX_PATH}:/home/sudhansu/Desktop/Arduino/Serial_terminal/ros2_ws/install/serial_motor_node:/home/sudhansu/install/my_robot_controller:/home/sudhansu/Desktop/ROS2/ros2_workspace/install/urdf_rviz_r2d2:/home/sudhansu/Desktop/ROS2/ros2_workspace/install/py_srvcli:/home/sudhansu/Desktop/ROS2/ros2_workspace/install/my_robot_controller:/opt/ros/humble /usr/bin/cmake --build /home/sudhansu/Desktop/Arduino/Serial_terminal/ros2_ws/build/my_robot_hardware -- -j8 -l8
[0.722s] [35m[1mConsolidate compiler generated dependencies of target my_robot_hardware[0m
[0.740s] [100%] Built target my_robot_hardware
[0.750s] Invoked command in '/home/sudhansu/Desktop/Arduino/Serial_terminal/ros2_ws/build/my_robot_hardware' returned '0': CMAKE_PREFIX_PATH=${CMAKE_PREFIX_PATH}:/home/sudhansu/Desktop/Arduino/Serial_terminal/ros2_ws/install/serial_motor_node:/home/sudhansu/install/my_robot_controller:/home/sudhansu/Desktop/ROS2/ros2_workspace/install/urdf_rviz_r2d2:/home/sudhansu/Desktop/ROS2/ros2_workspace/install/py_srvcli:/home/sudhansu/Desktop/ROS2/ros2_workspace/install/my_robot_controller:/opt/ros/humble /usr/bin/cmake --build /home/sudhansu/Desktop/Arduino/Serial_terminal/ros2_ws/build/my_robot_hardware -- -j8 -l8
[0.760s] Invoking command in '/home/sudhansu/Desktop/Arduino/Serial_terminal/ros2_ws/build/my_robot_hardware': CMAKE_PREFIX_PATH=${CMAKE_PREFIX_PATH}:/home/sudhansu/Desktop/Arduino/Serial_terminal/ros2_ws/install/serial_motor_node:/home/sudhansu/install/my_robot_controller:/home/sudhansu/Desktop/ROS2/ros2_workspace/install/urdf_rviz_r2d2:/home/sudhansu/Desktop/ROS2/ros2_workspace/install/py_srvcli:/home/sudhansu/Desktop/ROS2/ros2_workspace/install/my_robot_controller:/opt/ros/humble /usr/bin/cmake --install /home/sudhansu/Desktop/Arduino/Serial_terminal/ros2_ws/build/my_robot_hardware
[0.767s] -- Install configuration: ""
[0.768s] -- Execute custom install script
[0.768s] -- Up-to-date symlink: /home/sudhansu/Desktop/Arduino/Serial_terminal/ros2_ws/install/my_robot_hardware/share/my_robot_hardware//my_robot_hardware.xml
[0.768s] -- Up-to-date symlink: /home/sudhansu/Desktop/Arduino/Serial_terminal/ros2_ws/install/my_robot_hardware/lib/libmy_robot_hardware.so
[0.769s] -- Up-to-date symlink: /home/sudhansu/Desktop/Arduino/Serial_terminal/ros2_ws/install/my_robot_hardware/include/my_robot_hardware/my_robot_hardware.hpp
[0.769s] -- Up-to-date symlink: /home/sudhansu/Desktop/Arduino/Serial_terminal/ros2_ws/install/my_robot_hardware/share/my_robot_hardware/my_robot_hardware.xml
[0.769s] -- Up-to-date symlink: /home/sudhansu/Desktop/Arduino/Serial_terminal/ros2_ws/install/my_robot_hardware/share/ament_index/resource_index/package_run_dependencies/my_robot_hardware
[0.769s] -- Up-to-date symlink: /home/sudhansu/Desktop/Arduino/Serial_terminal/ros2_ws/install/my_robot_hardware/share/ament_index/resource_index/parent_prefix_path/my_robot_hardware
[0.769s] -- Up-to-date symlink: /home/sudhansu/Desktop/Arduino/Serial_terminal/ros2_ws/install/my_robot_hardware/share/my_robot_hardware/environment/ament_prefix_path.sh
[0.770s] -- Up-to-date symlink: /home/sudhansu/Desktop/Arduino/Serial_terminal/ros2_ws/install/my_robot_hardware/share/my_robot_hardware/environment/ament_prefix_path.dsv
[0.770s] -- Up-to-date symlink: /home/sudhansu/Desktop/Arduino/Serial_terminal/ros2_ws/install/my_robot_hardware/share/my_robot_hardware/environment/path.sh
[0.770s] -- Up-to-date symlink: /home/sudhansu/Desktop/Arduino/Serial_terminal/ros2_ws/install/my_robot_hardware/share/my_robot_hardware/environment/path.dsv
[0.770s] -- Up-to-date symlink: /home/sudhansu/Desktop/Arduino/Serial_terminal/ros2_ws/install/my_robot_hardware/share/my_robot_hardware/local_setup.bash
[0.771s] -- Up-to-date symlink: /home/sudhansu/Desktop/Arduino/Serial_terminal/ros2_ws/install/my_robot_hardware/share/my_robot_hardware/local_setup.sh
[0.771s] -- Up-to-date symlink: /home/sudhansu/Desktop/Arduino/Serial_terminal/ros2_ws/install/my_robot_hardware/share/my_robot_hardware/local_setup.zsh
[0.771s] -- Up-to-date symlink: /home/sudhansu/Desktop/Arduino/Serial_terminal/ros2_ws/install/my_robot_hardware/share/my_robot_hardware/local_setup.dsv
[0.771s] -- Symlinking: /home/sudhansu/Desktop/Arduino/Serial_terminal/ros2_ws/install/my_robot_hardware/share/my_robot_hardware/package.dsv
[0.782s] -- Up-to-date symlink: /home/sudhansu/Desktop/Arduino/Serial_terminal/ros2_ws/install/my_robot_hardware/share/ament_index/resource_index/packages/my_robot_hardware
[0.782s] -- Up-to-date symlink: /home/sudhansu/Desktop/Arduino/Serial_terminal/ros2_ws/install/my_robot_hardware/share/ament_index/resource_index/hardware_interface__pluginlib__plugin/my_robot_hardware
[0.783s] -- Up-to-date symlink: /home/sudhansu/Desktop/Arduino/Serial_terminal/ros2_ws/install/my_robot_hardware/share/my_robot_hardware/cmake/my_robot_hardwareConfig.cmake
[0.783s] -- Up-to-date symlink: /home/sudhansu/Desktop/Arduino/Serial_terminal/ros2_ws/install/my_robot_hardware/share/my_robot_hardware/cmake/my_robot_hardwareConfig-version.cmake
[0.783s] -- Up-to-date symlink: /home/sudhansu/Desktop/Arduino/Serial_terminal/ros2_ws/install/my_robot_hardware/share/my_robot_hardware/package.xml
[0.786s] Invoked command in '/home/sudhansu/Desktop/Arduino/Serial_terminal/ros2_ws/build/my_robot_hardware' returned '0': CMAKE_PREFIX_PATH=${CMAKE_PREFIX_PATH}:/home/sudhansu/Desktop/Arduino/Serial_terminal/ros2_ws/install/serial_motor_node:/home/sudhansu/install/my_robot_controller:/home/sudhansu/Desktop/ROS2/ros2_workspace/install/urdf_rviz_r2d2:/home/sudhansu/Desktop/ROS2/ros2_workspace/install/py_srvcli:/home/sudhansu/Desktop/ROS2/ros2_workspace/install/my_robot_controller:/opt/ros/humble /usr/bin/cmake --install /home/sudhansu/Desktop/Arduino/Serial_terminal/ros2_ws/build/my_robot_hardware
