[0.707s] Invoking command in '/home/sudhansu/Desktop/Arduino/Serial_terminal/ros2_ws/src/serial_motor_node': PYTHONPATH=/home/sudhansu/Desktop/Arduino/Serial_terminal/ros2_ws/build/serial_motor_node/prefix_override:/usr/lib/python3/dist-packages/colcon_core/task/python/colcon_distutils_commands:/home/sudhansu/Desktop/Arduino/Serial_terminal/ros2_ws/install/serial_motor_node/lib/python3.10/site-packages:${PYTHONPATH} /usr/bin/python3 -W ignore:setup.py install is deprecated -W ignore:easy_install command is deprecated setup.py egg_info --egg-base ../../build/serial_motor_node build --build-base /home/sudhansu/Desktop/Arduino/Serial_terminal/ros2_ws/build/serial_motor_node/build install --record /home/sudhansu/Desktop/Arduino/Serial_terminal/ros2_ws/build/serial_motor_node/install.log --single-version-externally-managed install_data
[0.982s] running egg_info
[0.982s] writing ../../build/serial_motor_node/serial_motor_node.egg-info/PKG-INFO
[0.983s] writing dependency_links to ../../build/serial_motor_node/serial_motor_node.egg-info/dependency_links.txt
[0.983s] writing entry points to ../../build/serial_motor_node/serial_motor_node.egg-info/entry_points.txt
[0.983s] writing requirements to ../../build/serial_motor_node/serial_motor_node.egg-info/requires.txt
[0.983s] writing top-level names to ../../build/serial_motor_node/serial_motor_node.egg-info/top_level.txt
[0.985s] reading manifest file '../../build/serial_motor_node/serial_motor_node.egg-info/SOURCES.txt'
[0.986s] writing manifest file '../../build/serial_motor_node/serial_motor_node.egg-info/SOURCES.txt'
[0.986s] running build
[0.986s] running build_py
[0.986s] running install
[0.986s] running install_lib
[0.988s] running install_data
[0.988s] running install_egg_info
[0.990s] removing '/home/sudhansu/Desktop/Arduino/Serial_terminal/ros2_ws/install/serial_motor_node/lib/python3.10/site-packages/serial_motor_node-0.0.0-py3.10.egg-info' (and everything under it)
[0.990s] Copying ../../build/serial_motor_node/serial_motor_node.egg-info to /home/sudhansu/Desktop/Arduino/Serial_terminal/ros2_ws/install/serial_motor_node/lib/python3.10/site-packages/serial_motor_node-0.0.0-py3.10.egg-info
[0.991s] running install_scripts
[1.011s] Installing serial_node script to /home/sudhansu/Desktop/Arduino/Serial_terminal/ros2_ws/install/serial_motor_node/lib/serial_motor_node
[1.011s] writing list of installed files to '/home/sudhansu/Desktop/Arduino/Serial_terminal/ros2_ws/build/serial_motor_node/install.log'
[1.040s] Invoked command in '/home/sudhansu/Desktop/Arduino/Serial_terminal/ros2_ws/src/serial_motor_node' returned '0': PYTHONPATH=/home/sudhansu/Desktop/Arduino/Serial_terminal/ros2_ws/build/serial_motor_node/prefix_override:/usr/lib/python3/dist-packages/colcon_core/task/python/colcon_distutils_commands:/home/sudhansu/Desktop/Arduino/Serial_terminal/ros2_ws/install/serial_motor_node/lib/python3.10/site-packages:${PYTHONPATH} /usr/bin/python3 -W ignore:setup.py install is deprecated -W ignore:easy_install command is deprecated setup.py egg_info --egg-base ../../build/serial_motor_node build --build-base /home/sudhansu/Desktop/Arduino/Serial_terminal/ros2_ws/build/serial_motor_node/build install --record /home/sudhansu/Desktop/Arduino/Serial_terminal/ros2_ws/build/serial_motor_node/install.log --single-version-externally-managed install_data
