[0.018s] Invoking command in '/home/sudhansu/Desktop/Arduino/Serial_terminal/ros2_ws/build/my_robot_hardware': CMAKE_PREFIX_PATH=${CMAKE_PREFIX_PATH}:/home/sudhansu/install/my_robot_controller:/home/sudhansu/Desktop/ROS2/ros2_workspace/install/urdf_rviz_r2d2:/home/sudhansu/Desktop/ROS2/ros2_workspace/install/py_srvcli:/home/sudhansu/Desktop/ROS2/ros2_workspace/install/my_robot_controller:/opt/ros/humble /usr/bin/cmake /home/sudhansu/Desktop/Arduino/Serial_terminal/ros2_ws/src/my_robot_hardware -DAMENT_CMAKE_SYMLINK_INSTALL=1 -DCMAKE_INSTALL_PREFIX=/home/sudhansu/Desktop/Arduino/Serial_terminal/ros2_ws/install/my_robot_hardware
[0.059s] -- Found ament_cmake: 1.3.11 (/opt/ros/humble/share/ament_cmake/cmake)
[0.199s] -- Override CMake install command with custom implementation using symlinks instead of copying resources
[0.219s] -- Found hardware_interface: 2.51.0 (/opt/ros/humble/share/hardware_interface/cmake)
[0.263s] -- Found rosidl_generator_c: 3.1.6 (/opt/ros/humble/share/rosidl_generator_c/cmake)
[0.267s] -- Found rosidl_adapter: 3.1.6 (/opt/ros/humble/share/rosidl_adapter/cmake)
[0.275s] -- Found rosidl_generator_cpp: 3.1.6 (/opt/ros/humble/share/rosidl_generator_cpp/cmake)
[0.286s] -- Using all available rosidl_typesupport_c: rosidl_typesupport_fastrtps_c;rosidl_typesupport_introspection_c
[0.302s] -- Using all available rosidl_typesupport_cpp: rosidl_typesupport_fastrtps_cpp;rosidl_typesupport_introspection_cpp
[0.523s] -- Found rmw_implementation_cmake: 6.1.2 (/opt/ros/humble/share/rmw_implementation_cmake/cmake)
[0.526s] -- Found rmw_fastrtps_cpp: 6.2.7 (/opt/ros/humble/share/rmw_fastrtps_cpp/cmake)
[0.555s] -- Found TinyXML2 via Config file: TinyXML2_DIR-NOTFOUND
[0.566s] -- Found TinyXML2 via Config file: TinyXML2_DIR-NOTFOUND
[0.582s] -- Found TinyXML2 via Config file: TinyXML2_DIR-NOTFOUND
[0.591s] -- Found TinyXML2 via Config file: TinyXML2_DIR-NOTFOUND
[0.605s] -- Using RMW implementation 'rmw_fastrtps_cpp' as default
[0.747s] -- Configuring done
[0.789s] -- Generating done
[0.794s] -- Build files have been written to: /home/sudhansu/Desktop/Arduino/Serial_terminal/ros2_ws/build/my_robot_hardware
[0.803s] Invoked command in '/home/sudhansu/Desktop/Arduino/Serial_terminal/ros2_ws/build/my_robot_hardware' returned '0': CMAKE_PREFIX_PATH=${CMAKE_PREFIX_PATH}:/home/sudhansu/install/my_robot_controller:/home/sudhansu/Desktop/ROS2/ros2_workspace/install/urdf_rviz_r2d2:/home/sudhansu/Desktop/ROS2/ros2_workspace/install/py_srvcli:/home/sudhansu/Desktop/ROS2/ros2_workspace/install/my_robot_controller:/opt/ros/humble /usr/bin/cmake /home/sudhansu/Desktop/Arduino/Serial_terminal/ros2_ws/src/my_robot_hardware -DAMENT_CMAKE_SYMLINK_INSTALL=1 -DCMAKE_INSTALL_PREFIX=/home/sudhansu/Desktop/Arduino/Serial_terminal/ros2_ws/install/my_robot_hardware
[0.805s] Invoking command in '/home/sudhansu/Desktop/Arduino/Serial_terminal/ros2_ws/build/my_robot_hardware': CMAKE_PREFIX_PATH=${CMAKE_PREFIX_PATH}:/home/sudhansu/install/my_robot_controller:/home/sudhansu/Desktop/ROS2/ros2_workspace/install/urdf_rviz_r2d2:/home/sudhansu/Desktop/ROS2/ros2_workspace/install/py_srvcli:/home/sudhansu/Desktop/ROS2/ros2_workspace/install/my_robot_controller:/opt/ros/humble /usr/bin/cmake --build /home/sudhansu/Desktop/Arduino/Serial_terminal/ros2_ws/build/my_robot_hardware -- -j8 -l8
[0.845s] [35m[1mConsolidate compiler generated dependencies of target my_robot_hardware[0m
[0.876s] [ 50%] [32m[1mLinking CXX shared library libmy_robot_hardware.so[0m
[1.072s] [100%] Built target my_robot_hardware
[1.081s] Invoked command in '/home/sudhansu/Desktop/Arduino/Serial_terminal/ros2_ws/build/my_robot_hardware' returned '0': CMAKE_PREFIX_PATH=${CMAKE_PREFIX_PATH}:/home/sudhansu/install/my_robot_controller:/home/sudhansu/Desktop/ROS2/ros2_workspace/install/urdf_rviz_r2d2:/home/sudhansu/Desktop/ROS2/ros2_workspace/install/py_srvcli:/home/sudhansu/Desktop/ROS2/ros2_workspace/install/my_robot_controller:/opt/ros/humble /usr/bin/cmake --build /home/sudhansu/Desktop/Arduino/Serial_terminal/ros2_ws/build/my_robot_hardware -- -j8 -l8
[1.091s] Invoking command in '/home/sudhansu/Desktop/Arduino/Serial_terminal/ros2_ws/build/my_robot_hardware': CMAKE_PREFIX_PATH=${CMAKE_PREFIX_PATH}:/home/sudhansu/install/my_robot_controller:/home/sudhansu/Desktop/ROS2/ros2_workspace/install/urdf_rviz_r2d2:/home/sudhansu/Desktop/ROS2/ros2_workspace/install/py_srvcli:/home/sudhansu/Desktop/ROS2/ros2_workspace/install/my_robot_controller:/opt/ros/humble /usr/bin/cmake --install /home/sudhansu/Desktop/Arduino/Serial_terminal/ros2_ws/build/my_robot_hardware
[1.098s] -- Install configuration: ""
[1.098s] -- Execute custom install script
[1.098s] -- Symlinking: /home/sudhansu/Desktop/Arduino/Serial_terminal/ros2_ws/install/my_robot_hardware/share/my_robot_hardware//my_robot_hardware.xml
[1.107s] -- Symlinking: /home/sudhansu/Desktop/Arduino/Serial_terminal/ros2_ws/install/my_robot_hardware/lib/libmy_robot_hardware.so
[1.115s] -- Symlinking: /home/sudhansu/Desktop/Arduino/Serial_terminal/ros2_ws/install/my_robot_hardware/include/my_robot_hardware/my_robot_hardware.hpp
[1.123s] -- Up-to-date symlink: /home/sudhansu/Desktop/Arduino/Serial_terminal/ros2_ws/install/my_robot_hardware/share/my_robot_hardware/my_robot_hardware.xml
[1.123s] -- Symlinking: /home/sudhansu/Desktop/Arduino/Serial_terminal/ros2_ws/install/my_robot_hardware/share/ament_index/resource_index/package_run_dependencies/my_robot_hardware
[1.131s] -- Symlinking: /home/sudhansu/Desktop/Arduino/Serial_terminal/ros2_ws/install/my_robot_hardware/share/ament_index/resource_index/parent_prefix_path/my_robot_hardware
[1.141s] -- Symlinking: /home/sudhansu/Desktop/Arduino/Serial_terminal/ros2_ws/install/my_robot_hardware/share/my_robot_hardware/environment/ament_prefix_path.sh
[1.149s] -- Symlinking: /home/sudhansu/Desktop/Arduino/Serial_terminal/ros2_ws/install/my_robot_hardware/share/my_robot_hardware/environment/ament_prefix_path.dsv
[1.158s] -- Symlinking: /home/sudhansu/Desktop/Arduino/Serial_terminal/ros2_ws/install/my_robot_hardware/share/my_robot_hardware/environment/path.sh
[1.167s] -- Symlinking: /home/sudhansu/Desktop/Arduino/Serial_terminal/ros2_ws/install/my_robot_hardware/share/my_robot_hardware/environment/path.dsv
[1.175s] -- Symlinking: /home/sudhansu/Desktop/Arduino/Serial_terminal/ros2_ws/install/my_robot_hardware/share/my_robot_hardware/local_setup.bash
[1.184s] -- Symlinking: /home/sudhansu/Desktop/Arduino/Serial_terminal/ros2_ws/install/my_robot_hardware/share/my_robot_hardware/local_setup.sh
[1.194s] -- Symlinking: /home/sudhansu/Desktop/Arduino/Serial_terminal/ros2_ws/install/my_robot_hardware/share/my_robot_hardware/local_setup.zsh
[1.203s] -- Symlinking: /home/sudhansu/Desktop/Arduino/Serial_terminal/ros2_ws/install/my_robot_hardware/share/my_robot_hardware/local_setup.dsv
[1.212s] -- Symlinking: /home/sudhansu/Desktop/Arduino/Serial_terminal/ros2_ws/install/my_robot_hardware/share/my_robot_hardware/package.dsv
[1.219s] -- Symlinking: /home/sudhansu/Desktop/Arduino/Serial_terminal/ros2_ws/install/my_robot_hardware/share/ament_index/resource_index/packages/my_robot_hardware
[1.227s] -- Symlinking: /home/sudhansu/Desktop/Arduino/Serial_terminal/ros2_ws/install/my_robot_hardware/share/ament_index/resource_index/hardware_interface__pluginlib__plugin/my_robot_hardware
[1.236s] -- Symlinking: /home/sudhansu/Desktop/Arduino/Serial_terminal/ros2_ws/install/my_robot_hardware/share/my_robot_hardware/cmake/my_robot_hardwareConfig.cmake
[1.245s] -- Symlinking: /home/sudhansu/Desktop/Arduino/Serial_terminal/ros2_ws/install/my_robot_hardware/share/my_robot_hardware/cmake/my_robot_hardwareConfig-version.cmake
[1.253s] -- Symlinking: /home/sudhansu/Desktop/Arduino/Serial_terminal/ros2_ws/install/my_robot_hardware/share/my_robot_hardware/package.xml
[1.263s] Invoked command in '/home/sudhansu/Desktop/Arduino/Serial_terminal/ros2_ws/build/my_robot_hardware' returned '0': CMAKE_PREFIX_PATH=${CMAKE_PREFIX_PATH}:/home/sudhansu/install/my_robot_controller:/home/sudhansu/Desktop/ROS2/ros2_workspace/install/urdf_rviz_r2d2:/home/sudhansu/Desktop/ROS2/ros2_workspace/install/py_srvcli:/home/sudhansu/Desktop/ROS2/ros2_workspace/install/my_robot_controller:/opt/ros/humble /usr/bin/cmake --install /home/sudhansu/Desktop/Arduino/Serial_terminal/ros2_ws/build/my_robot_hardware
