[0.116s] DEBUG:colcon:Command line arguments: ['/usr/bin/colcon', 'build']
[0.116s] DEBUG:colcon:Parsed command line arguments: Namespace(log_base=None, log_level=None, verb_name='build', build_base='build', install_base='install', merge_install=False, symlink_install=False, test_result_base=None, continue_on_error=False, executor='parallel', parallel_workers=8, event_handlers=None, ignore_user_meta=False, metas=['./colcon.meta'], base_paths=['.'], packages_ignore=None, packages_ignore_regex=None, paths=None, packages_up_to=None, packages_up_to_regex=None, packages_above=None, packages_above_and_dependencies=None, packages_above_depth=None, packages_select_by_dep=None, packages_skip_by_dep=None, packages_skip_up_to=None, packages_select_build_failed=False, packages_skip_build_finished=False, packages_select_test_failures=False, packages_skip_test_passed=False, packages_select=None, packages_skip=None, packages_select_regex=None, packages_skip_regex=None, packages_start=None, packages_end=None, allow_overriding=[], cmake_args=None, cmake_target=None, cmake_target_skip_unavailable=False, cmake_clean_cache=False, cmake_clean_first=False, cmake_force_configure=False, ament_cmake_args=None, catkin_cmake_args=None, catkin_skip_building_tests=False, verb_parser=<colcon_defaults.argument_parser.defaults.DefaultArgumentsDecorator object at 0x72ae5e1116c0>, verb_extension=<colcon_core.verb.build.BuildVerb object at 0x72ae5e2cec20>, main=<bound method BuildVerb.main of <colcon_core.verb.build.BuildVerb object at 0x72ae5e2cec20>>)
[0.360s] Level 1:colcon.colcon_core.package_discovery:discover_packages(colcon_meta) check parameters
[0.360s] Level 1:colcon.colcon_core.package_discovery:discover_packages(recursive) check parameters
[0.360s] Level 1:colcon.colcon_core.package_discovery:discover_packages(ignore) check parameters
[0.360s] Level 1:colcon.colcon_core.package_discovery:discover_packages(path) check parameters
[0.360s] Level 1:colcon.colcon_core.package_discovery:discover_packages(colcon_meta) discover
[0.361s] Level 1:colcon.colcon_core.package_discovery:discover_packages(recursive) discover
[0.361s] INFO:colcon.colcon_core.package_discovery:Crawling recursively for packages in '/home/sudhansu/Desktop/Arduino/Serial_terminal/ros2_ws'
[0.361s] Level 1:colcon.colcon_core.package_identification:_identify(.) by extensions ['ignore', 'ignore_ament_install']
[0.361s] Level 1:colcon.colcon_core.package_identification:_identify(.) by extension 'ignore'
[0.361s] Level 1:colcon.colcon_core.package_identification:_identify(.) by extension 'ignore_ament_install'
[0.361s] Level 1:colcon.colcon_core.package_identification:_identify(.) by extensions ['colcon_pkg']
[0.361s] Level 1:colcon.colcon_core.package_identification:_identify(.) by extension 'colcon_pkg'
[0.361s] Level 1:colcon.colcon_core.package_identification:_identify(.) by extensions ['colcon_meta']
[0.361s] Level 1:colcon.colcon_core.package_identification:_identify(.) by extension 'colcon_meta'
[0.361s] Level 1:colcon.colcon_core.package_identification:_identify(.) by extensions ['ros']
[0.361s] Level 1:colcon.colcon_core.package_identification:_identify(.) by extension 'ros'
[0.374s] Level 1:colcon.colcon_core.package_identification:_identify(.) by extensions ['cmake', 'python']
[0.374s] Level 1:colcon.colcon_core.package_identification:_identify(.) by extension 'cmake'
[0.374s] Level 1:colcon.colcon_core.package_identification:_identify(.) by extension 'python'
[0.374s] Level 1:colcon.colcon_core.package_identification:_identify(.) by extensions ['python_setup_py']
[0.374s] Level 1:colcon.colcon_core.package_identification:_identify(.) by extension 'python_setup_py'
[0.374s] Level 1:colcon.colcon_core.package_identification:_identify(build) by extensions ['ignore', 'ignore_ament_install']
[0.374s] Level 1:colcon.colcon_core.package_identification:_identify(build) by extension 'ignore'
[0.374s] Level 1:colcon.colcon_core.package_identification:_identify(build) ignored
[0.374s] Level 1:colcon.colcon_core.package_identification:_identify(install) by extensions ['ignore', 'ignore_ament_install']
[0.375s] Level 1:colcon.colcon_core.package_identification:_identify(install) by extension 'ignore'
[0.375s] Level 1:colcon.colcon_core.package_identification:_identify(install) ignored
[0.375s] Level 1:colcon.colcon_core.package_identification:_identify(log) by extensions ['ignore', 'ignore_ament_install']
[0.375s] Level 1:colcon.colcon_core.package_identification:_identify(log) by extension 'ignore'
[0.375s] Level 1:colcon.colcon_core.package_identification:_identify(log) ignored
[0.375s] Level 1:colcon.colcon_core.package_identification:_identify(src) by extensions ['ignore', 'ignore_ament_install']
[0.375s] Level 1:colcon.colcon_core.package_identification:_identify(src) by extension 'ignore'
[0.375s] Level 1:colcon.colcon_core.package_identification:_identify(src) by extension 'ignore_ament_install'
[0.375s] Level 1:colcon.colcon_core.package_identification:_identify(src) by extensions ['colcon_pkg']
[0.375s] Level 1:colcon.colcon_core.package_identification:_identify(src) by extension 'colcon_pkg'
[0.375s] Level 1:colcon.colcon_core.package_identification:_identify(src) by extensions ['colcon_meta']
[0.375s] Level 1:colcon.colcon_core.package_identification:_identify(src) by extension 'colcon_meta'
[0.375s] Level 1:colcon.colcon_core.package_identification:_identify(src) by extensions ['ros']
[0.375s] Level 1:colcon.colcon_core.package_identification:_identify(src) by extension 'ros'
[0.375s] Level 1:colcon.colcon_core.package_identification:_identify(src) by extensions ['cmake', 'python']
[0.375s] Level 1:colcon.colcon_core.package_identification:_identify(src) by extension 'cmake'
[0.375s] Level 1:colcon.colcon_core.package_identification:_identify(src) by extension 'python'
[0.376s] Level 1:colcon.colcon_core.package_identification:_identify(src) by extensions ['python_setup_py']
[0.376s] Level 1:colcon.colcon_core.package_identification:_identify(src) by extension 'python_setup_py'
[0.376s] Level 1:colcon.colcon_core.package_identification:_identify(src/my_robot_hardware) by extensions ['ignore', 'ignore_ament_install']
[0.376s] Level 1:colcon.colcon_core.package_identification:_identify(src/my_robot_hardware) by extension 'ignore'
[0.376s] Level 1:colcon.colcon_core.package_identification:_identify(src/my_robot_hardware) by extension 'ignore_ament_install'
[0.376s] Level 1:colcon.colcon_core.package_identification:_identify(src/my_robot_hardware) by extensions ['colcon_pkg']
[0.376s] Level 1:colcon.colcon_core.package_identification:_identify(src/my_robot_hardware) by extension 'colcon_pkg'
[0.376s] Level 1:colcon.colcon_core.package_identification:_identify(src/my_robot_hardware) by extensions ['colcon_meta']
[0.376s] Level 1:colcon.colcon_core.package_identification:_identify(src/my_robot_hardware) by extension 'colcon_meta'
[0.376s] Level 1:colcon.colcon_core.package_identification:_identify(src/my_robot_hardware) by extensions ['ros']
[0.376s] Level 1:colcon.colcon_core.package_identification:_identify(src/my_robot_hardware) by extension 'ros'
[0.379s] DEBUG:colcon.colcon_core.package_identification:Package 'src/my_robot_hardware' with type 'ros.ament_cmake' and name 'my_robot_hardware'
[0.380s] Level 1:colcon.colcon_core.package_identification:_identify(src/serial_motor_node) by extensions ['ignore', 'ignore_ament_install']
[0.380s] Level 1:colcon.colcon_core.package_identification:_identify(src/serial_motor_node) by extension 'ignore'
[0.380s] Level 1:colcon.colcon_core.package_identification:_identify(src/serial_motor_node) by extension 'ignore_ament_install'
[0.380s] Level 1:colcon.colcon_core.package_identification:_identify(src/serial_motor_node) by extensions ['colcon_pkg']
[0.380s] Level 1:colcon.colcon_core.package_identification:_identify(src/serial_motor_node) by extension 'colcon_pkg'
[0.380s] Level 1:colcon.colcon_core.package_identification:_identify(src/serial_motor_node) by extensions ['colcon_meta']
[0.380s] Level 1:colcon.colcon_core.package_identification:_identify(src/serial_motor_node) by extension 'colcon_meta'
[0.380s] Level 1:colcon.colcon_core.package_identification:_identify(src/serial_motor_node) by extensions ['ros']
[0.380s] Level 1:colcon.colcon_core.package_identification:_identify(src/serial_motor_node) by extension 'ros'
[0.392s] DEBUG:colcon.colcon_core.package_identification:Package 'src/serial_motor_node' with type 'ros.ament_python' and name 'serial_motor_node'
[0.392s] Level 1:colcon.colcon_core.package_discovery:discover_packages(recursive) using defaults
[0.392s] Level 1:colcon.colcon_core.package_discovery:discover_packages(ignore) discover
[0.392s] Level 1:colcon.colcon_core.package_discovery:discover_packages(ignore) using defaults
[0.392s] Level 1:colcon.colcon_core.package_discovery:discover_packages(path) discover
[0.392s] Level 1:colcon.colcon_core.package_discovery:discover_packages(path) using defaults
[0.418s] Level 1:colcon.colcon_core.package_discovery:discover_packages(prefix_path) check parameters
[0.419s] Level 1:colcon.colcon_core.package_discovery:discover_packages(prefix_path) discover
[0.423s] DEBUG:colcon.colcon_installed_package_information.package_discovery:Found 2 installed packages in /home/sudhansu/Desktop/ros2_intermediate_cource/my_ws/install
[0.423s] DEBUG:colcon.colcon_installed_package_information.package_discovery:Found 1 installed packages in /home/sudhansu/my_ws/install
[0.424s] DEBUG:colcon.colcon_installed_package_information.package_discovery:Found 1 installed packages in /home/sudhansu/install
[0.424s] DEBUG:colcon.colcon_installed_package_information.package_discovery:Found 4 installed packages in /home/sudhansu/Desktop/ROS2/ros2_workspace/install
[0.426s] DEBUG:colcon.colcon_installed_package_information.package_discovery:Found 369 installed packages in /opt/ros/humble
[0.428s] Level 1:colcon.colcon_core.package_discovery:discover_packages(prefix_path) using defaults
[0.471s] Level 5:colcon.colcon_core.verb:set package 'my_robot_hardware' build argument 'cmake_args' from command line to 'None'
[0.471s] Level 5:colcon.colcon_core.verb:set package 'my_robot_hardware' build argument 'cmake_target' from command line to 'None'
[0.471s] Level 5:colcon.colcon_core.verb:set package 'my_robot_hardware' build argument 'cmake_target_skip_unavailable' from command line to 'False'
[0.471s] Level 5:colcon.colcon_core.verb:set package 'my_robot_hardware' build argument 'cmake_clean_cache' from command line to 'False'
[0.471s] Level 5:colcon.colcon_core.verb:set package 'my_robot_hardware' build argument 'cmake_clean_first' from command line to 'False'
[0.471s] Level 5:colcon.colcon_core.verb:set package 'my_robot_hardware' build argument 'cmake_force_configure' from command line to 'False'
[0.471s] Level 5:colcon.colcon_core.verb:set package 'my_robot_hardware' build argument 'ament_cmake_args' from command line to 'None'
[0.471s] Level 5:colcon.colcon_core.verb:set package 'my_robot_hardware' build argument 'catkin_cmake_args' from command line to 'None'
[0.471s] Level 5:colcon.colcon_core.verb:set package 'my_robot_hardware' build argument 'catkin_skip_building_tests' from command line to 'False'
[0.471s] DEBUG:colcon.colcon_core.verb:Building package 'my_robot_hardware' with the following arguments: {'ament_cmake_args': None, 'build_base': '/home/sudhansu/Desktop/Arduino/Serial_terminal/ros2_ws/build/my_robot_hardware', 'catkin_cmake_args': None, 'catkin_skip_building_tests': False, 'cmake_args': None, 'cmake_clean_cache': False, 'cmake_clean_first': False, 'cmake_force_configure': False, 'cmake_target': None, 'cmake_target_skip_unavailable': False, 'install_base': '/home/sudhansu/Desktop/Arduino/Serial_terminal/ros2_ws/install/my_robot_hardware', 'merge_install': False, 'path': '/home/sudhansu/Desktop/Arduino/Serial_terminal/ros2_ws/src/my_robot_hardware', 'symlink_install': False, 'test_result_base': None}
[0.472s] Level 5:colcon.colcon_core.verb:set package 'serial_motor_node' build argument 'cmake_args' from command line to 'None'
[0.472s] Level 5:colcon.colcon_core.verb:set package 'serial_motor_node' build argument 'cmake_target' from command line to 'None'
[0.472s] Level 5:colcon.colcon_core.verb:set package 'serial_motor_node' build argument 'cmake_target_skip_unavailable' from command line to 'False'
[0.472s] Level 5:colcon.colcon_core.verb:set package 'serial_motor_node' build argument 'cmake_clean_cache' from command line to 'False'
[0.472s] Level 5:colcon.colcon_core.verb:set package 'serial_motor_node' build argument 'cmake_clean_first' from command line to 'False'
[0.472s] Level 5:colcon.colcon_core.verb:set package 'serial_motor_node' build argument 'cmake_force_configure' from command line to 'False'
[0.472s] Level 5:colcon.colcon_core.verb:set package 'serial_motor_node' build argument 'ament_cmake_args' from command line to 'None'
[0.472s] Level 5:colcon.colcon_core.verb:set package 'serial_motor_node' build argument 'catkin_cmake_args' from command line to 'None'
[0.472s] Level 5:colcon.colcon_core.verb:set package 'serial_motor_node' build argument 'catkin_skip_building_tests' from command line to 'False'
[0.472s] DEBUG:colcon.colcon_core.verb:Building package 'serial_motor_node' with the following arguments: {'ament_cmake_args': None, 'build_base': '/home/sudhansu/Desktop/Arduino/Serial_terminal/ros2_ws/build/serial_motor_node', 'catkin_cmake_args': None, 'catkin_skip_building_tests': False, 'cmake_args': None, 'cmake_clean_cache': False, 'cmake_clean_first': False, 'cmake_force_configure': False, 'cmake_target': None, 'cmake_target_skip_unavailable': False, 'install_base': '/home/sudhansu/Desktop/Arduino/Serial_terminal/ros2_ws/install/serial_motor_node', 'merge_install': False, 'path': '/home/sudhansu/Desktop/Arduino/Serial_terminal/ros2_ws/src/serial_motor_node', 'symlink_install': False, 'test_result_base': None}
[0.472s] INFO:colcon.colcon_core.executor:Executing jobs using 'parallel' executor
[0.473s] DEBUG:colcon.colcon_parallel_executor.executor.parallel:run_until_complete
[0.473s] INFO:colcon.colcon_ros.task.ament_cmake.build:Building ROS package in '/home/sudhansu/Desktop/Arduino/Serial_terminal/ros2_ws/src/my_robot_hardware' with build type 'ament_cmake'
[0.474s] INFO:colcon.colcon_cmake.task.cmake.build:Building CMake package in '/home/sudhansu/Desktop/Arduino/Serial_terminal/ros2_ws/src/my_robot_hardware'
[0.477s] INFO:colcon.colcon_core.plugin_system:Skipping extension 'colcon_core.shell.bat': Not used on non-Windows systems
[0.477s] INFO:colcon.colcon_core.shell:Skip shell extension 'powershell' for command environment: Not usable outside of PowerShell
[0.477s] DEBUG:colcon.colcon_core.shell:Skip shell extension 'dsv' for command environment
[0.482s] INFO:colcon.colcon_ros.task.ament_python.build:Building ROS package in '/home/sudhansu/Desktop/Arduino/Serial_terminal/ros2_ws/src/serial_motor_node' with build type 'ament_python'
[0.482s] Level 1:colcon.colcon_core.shell:create_environment_hook('serial_motor_node', 'ament_prefix_path')
[0.482s] INFO:colcon.colcon_core.shell:Creating environment hook '/home/sudhansu/Desktop/Arduino/Serial_terminal/ros2_ws/install/serial_motor_node/share/serial_motor_node/hook/ament_prefix_path.ps1'
[0.484s] INFO:colcon.colcon_core.shell:Creating environment descriptor '/home/sudhansu/Desktop/Arduino/Serial_terminal/ros2_ws/install/serial_motor_node/share/serial_motor_node/hook/ament_prefix_path.dsv'
[0.484s] INFO:colcon.colcon_core.shell:Creating environment hook '/home/sudhansu/Desktop/Arduino/Serial_terminal/ros2_ws/install/serial_motor_node/share/serial_motor_node/hook/ament_prefix_path.sh'
[0.485s] INFO:colcon.colcon_core.shell:Skip shell extension 'powershell' for command environment: Not usable outside of PowerShell
[0.485s] DEBUG:colcon.colcon_core.shell:Skip shell extension 'dsv' for command environment
[0.496s] DEBUG:colcon.colcon_core.event_handler.log_command:Invoking command in '/home/sudhansu/Desktop/Arduino/Serial_terminal/ros2_ws/build/my_robot_hardware': CMAKE_PREFIX_PATH=${CMAKE_PREFIX_PATH}:/home/sudhansu/install/my_robot_controller:/home/sudhansu/Desktop/ROS2/ros2_workspace/install/urdf_rviz_r2d2:/home/sudhansu/Desktop/ROS2/ros2_workspace/install/py_srvcli:/home/sudhansu/Desktop/ROS2/ros2_workspace/install/my_robot_controller:/opt/ros/humble /usr/bin/cmake --build /home/sudhansu/Desktop/Arduino/Serial_terminal/ros2_ws/build/my_robot_hardware -- -j8 -l8
[0.780s] INFO:colcon.colcon_core.task.python.build:Building Python package in '/home/sudhansu/Desktop/Arduino/Serial_terminal/ros2_ws/src/serial_motor_node'
[0.780s] INFO:colcon.colcon_core.shell:Skip shell extension 'powershell' for command environment: Not usable outside of PowerShell
[0.780s] DEBUG:colcon.colcon_core.shell:Skip shell extension 'dsv' for command environment
[0.786s] DEBUG:colcon.colcon_core.event_handler.log_command:Invoked command in '/home/sudhansu/Desktop/Arduino/Serial_terminal/ros2_ws/build/my_robot_hardware' returned '0': CMAKE_PREFIX_PATH=${CMAKE_PREFIX_PATH}:/home/sudhansu/install/my_robot_controller:/home/sudhansu/Desktop/ROS2/ros2_workspace/install/urdf_rviz_r2d2:/home/sudhansu/Desktop/ROS2/ros2_workspace/install/py_srvcli:/home/sudhansu/Desktop/ROS2/ros2_workspace/install/my_robot_controller:/opt/ros/humble /usr/bin/cmake --build /home/sudhansu/Desktop/Arduino/Serial_terminal/ros2_ws/build/my_robot_hardware -- -j8 -l8
[0.796s] DEBUG:colcon.colcon_core.event_handler.log_command:Invoking command in '/home/sudhansu/Desktop/Arduino/Serial_terminal/ros2_ws/build/my_robot_hardware': CMAKE_PREFIX_PATH=${CMAKE_PREFIX_PATH}:/home/sudhansu/install/my_robot_controller:/home/sudhansu/Desktop/ROS2/ros2_workspace/install/urdf_rviz_r2d2:/home/sudhansu/Desktop/ROS2/ros2_workspace/install/py_srvcli:/home/sudhansu/Desktop/ROS2/ros2_workspace/install/my_robot_controller:/opt/ros/humble /usr/bin/cmake --install /home/sudhansu/Desktop/Arduino/Serial_terminal/ros2_ws/build/my_robot_hardware
[0.824s] Level 1:colcon.colcon_core.environment:create_environment_scripts_only(my_robot_hardware)
[0.824s] DEBUG:colcon.colcon_core.event_handler.log_command:Invoked command in '/home/sudhansu/Desktop/Arduino/Serial_terminal/ros2_ws/build/my_robot_hardware' returned '0': CMAKE_PREFIX_PATH=${CMAKE_PREFIX_PATH}:/home/sudhansu/install/my_robot_controller:/home/sudhansu/Desktop/ROS2/ros2_workspace/install/urdf_rviz_r2d2:/home/sudhansu/Desktop/ROS2/ros2_workspace/install/py_srvcli:/home/sudhansu/Desktop/ROS2/ros2_workspace/install/my_robot_controller:/opt/ros/humble /usr/bin/cmake --install /home/sudhansu/Desktop/Arduino/Serial_terminal/ros2_ws/build/my_robot_hardware
[0.828s] Level 1:colcon.colcon_core.environment:checking '/home/sudhansu/Desktop/Arduino/Serial_terminal/ros2_ws/install/my_robot_hardware' for CMake module files
[0.829s] Level 1:colcon.colcon_core.environment:checking '/home/sudhansu/Desktop/Arduino/Serial_terminal/ros2_ws/install/my_robot_hardware' for CMake config files
[0.830s] Level 1:colcon.colcon_core.shell:create_environment_hook('my_robot_hardware', 'cmake_prefix_path')
[0.831s] INFO:colcon.colcon_core.shell:Creating environment hook '/home/sudhansu/Desktop/Arduino/Serial_terminal/ros2_ws/install/my_robot_hardware/share/my_robot_hardware/hook/cmake_prefix_path.ps1'
[0.831s] INFO:colcon.colcon_core.shell:Creating environment descriptor '/home/sudhansu/Desktop/Arduino/Serial_terminal/ros2_ws/install/my_robot_hardware/share/my_robot_hardware/hook/cmake_prefix_path.dsv'
[0.832s] INFO:colcon.colcon_core.shell:Creating environment hook '/home/sudhansu/Desktop/Arduino/Serial_terminal/ros2_ws/install/my_robot_hardware/share/my_robot_hardware/hook/cmake_prefix_path.sh'
[0.832s] Level 1:colcon.colcon_core.environment:checking '/home/sudhansu/Desktop/Arduino/Serial_terminal/ros2_ws/install/my_robot_hardware/lib'
[0.833s] Level 1:colcon.colcon_core.shell:create_environment_hook('my_robot_hardware', 'ld_library_path_lib')
[0.833s] INFO:colcon.colcon_core.shell:Creating environment hook '/home/sudhansu/Desktop/Arduino/Serial_terminal/ros2_ws/install/my_robot_hardware/share/my_robot_hardware/hook/ld_library_path_lib.ps1'
[0.833s] INFO:colcon.colcon_core.shell:Creating environment descriptor '/home/sudhansu/Desktop/Arduino/Serial_terminal/ros2_ws/install/my_robot_hardware/share/my_robot_hardware/hook/ld_library_path_lib.dsv'
[0.834s] INFO:colcon.colcon_core.shell:Creating environment hook '/home/sudhansu/Desktop/Arduino/Serial_terminal/ros2_ws/install/my_robot_hardware/share/my_robot_hardware/hook/ld_library_path_lib.sh'
[0.834s] Level 1:colcon.colcon_core.environment:checking '/home/sudhansu/Desktop/Arduino/Serial_terminal/ros2_ws/install/my_robot_hardware/bin'
[0.834s] Level 1:colcon.colcon_core.environment:checking '/home/sudhansu/Desktop/Arduino/Serial_terminal/ros2_ws/install/my_robot_hardware/lib/pkgconfig/my_robot_hardware.pc'
[0.834s] Level 1:colcon.colcon_core.environment:checking '/home/sudhansu/Desktop/Arduino/Serial_terminal/ros2_ws/install/my_robot_hardware/lib/python3.10/site-packages'
[0.835s] Level 1:colcon.colcon_core.environment:checking '/home/sudhansu/Desktop/Arduino/Serial_terminal/ros2_ws/install/my_robot_hardware/bin'
[0.835s] INFO:colcon.colcon_core.shell:Creating package script '/home/sudhansu/Desktop/Arduino/Serial_terminal/ros2_ws/install/my_robot_hardware/share/my_robot_hardware/package.ps1'
[0.836s] INFO:colcon.colcon_core.shell:Creating package descriptor '/home/sudhansu/Desktop/Arduino/Serial_terminal/ros2_ws/install/my_robot_hardware/share/my_robot_hardware/package.dsv'
[0.837s] INFO:colcon.colcon_core.shell:Creating package script '/home/sudhansu/Desktop/Arduino/Serial_terminal/ros2_ws/install/my_robot_hardware/share/my_robot_hardware/package.sh'
[0.837s] INFO:colcon.colcon_core.shell:Creating package script '/home/sudhansu/Desktop/Arduino/Serial_terminal/ros2_ws/install/my_robot_hardware/share/my_robot_hardware/package.bash'
[0.838s] INFO:colcon.colcon_core.shell:Creating package script '/home/sudhansu/Desktop/Arduino/Serial_terminal/ros2_ws/install/my_robot_hardware/share/my_robot_hardware/package.zsh'
[0.839s] Level 1:colcon.colcon_core.environment:create_file_with_runtime_dependencies(/home/sudhansu/Desktop/Arduino/Serial_terminal/ros2_ws/install/my_robot_hardware/share/colcon-core/packages/my_robot_hardware)
[0.840s] Level 1:colcon.colcon_core.environment:create_environment_scripts_only(my_robot_hardware)
[0.840s] Level 1:colcon.colcon_core.environment:checking '/home/sudhansu/Desktop/Arduino/Serial_terminal/ros2_ws/install/my_robot_hardware' for CMake module files
[0.840s] Level 1:colcon.colcon_core.environment:checking '/home/sudhansu/Desktop/Arduino/Serial_terminal/ros2_ws/install/my_robot_hardware' for CMake config files
[0.841s] Level 1:colcon.colcon_core.shell:create_environment_hook('my_robot_hardware', 'cmake_prefix_path')
[0.841s] INFO:colcon.colcon_core.shell:Creating environment hook '/home/sudhansu/Desktop/Arduino/Serial_terminal/ros2_ws/install/my_robot_hardware/share/my_robot_hardware/hook/cmake_prefix_path.ps1'
[0.842s] INFO:colcon.colcon_core.shell:Creating environment descriptor '/home/sudhansu/Desktop/Arduino/Serial_terminal/ros2_ws/install/my_robot_hardware/share/my_robot_hardware/hook/cmake_prefix_path.dsv'
[0.842s] INFO:colcon.colcon_core.shell:Creating environment hook '/home/sudhansu/Desktop/Arduino/Serial_terminal/ros2_ws/install/my_robot_hardware/share/my_robot_hardware/hook/cmake_prefix_path.sh'
[0.842s] Level 1:colcon.colcon_core.environment:checking '/home/sudhansu/Desktop/Arduino/Serial_terminal/ros2_ws/install/my_robot_hardware/lib'
[0.842s] Level 1:colcon.colcon_core.shell:create_environment_hook('my_robot_hardware', 'ld_library_path_lib')
[0.843s] INFO:colcon.colcon_core.shell:Creating environment hook '/home/sudhansu/Desktop/Arduino/Serial_terminal/ros2_ws/install/my_robot_hardware/share/my_robot_hardware/hook/ld_library_path_lib.ps1'
[0.843s] INFO:colcon.colcon_core.shell:Creating environment descriptor '/home/sudhansu/Desktop/Arduino/Serial_terminal/ros2_ws/install/my_robot_hardware/share/my_robot_hardware/hook/ld_library_path_lib.dsv'
[0.843s] INFO:colcon.colcon_core.shell:Creating environment hook '/home/sudhansu/Desktop/Arduino/Serial_terminal/ros2_ws/install/my_robot_hardware/share/my_robot_hardware/hook/ld_library_path_lib.sh'
[0.844s] Level 1:colcon.colcon_core.environment:checking '/home/sudhansu/Desktop/Arduino/Serial_terminal/ros2_ws/install/my_robot_hardware/bin'
[0.844s] Level 1:colcon.colcon_core.environment:checking '/home/sudhansu/Desktop/Arduino/Serial_terminal/ros2_ws/install/my_robot_hardware/lib/pkgconfig/my_robot_hardware.pc'
[0.844s] Level 1:colcon.colcon_core.environment:checking '/home/sudhansu/Desktop/Arduino/Serial_terminal/ros2_ws/install/my_robot_hardware/lib/python3.10/site-packages'
[0.844s] Level 1:colcon.colcon_core.environment:checking '/home/sudhansu/Desktop/Arduino/Serial_terminal/ros2_ws/install/my_robot_hardware/bin'
[0.845s] INFO:colcon.colcon_core.shell:Creating package script '/home/sudhansu/Desktop/Arduino/Serial_terminal/ros2_ws/install/my_robot_hardware/share/my_robot_hardware/package.ps1'
[0.845s] INFO:colcon.colcon_core.shell:Creating package descriptor '/home/sudhansu/Desktop/Arduino/Serial_terminal/ros2_ws/install/my_robot_hardware/share/my_robot_hardware/package.dsv'
[0.846s] INFO:colcon.colcon_core.shell:Creating package script '/home/sudhansu/Desktop/Arduino/Serial_terminal/ros2_ws/install/my_robot_hardware/share/my_robot_hardware/package.sh'
[0.846s] INFO:colcon.colcon_core.shell:Creating package script '/home/sudhansu/Desktop/Arduino/Serial_terminal/ros2_ws/install/my_robot_hardware/share/my_robot_hardware/package.bash'
[0.846s] INFO:colcon.colcon_core.shell:Creating package script '/home/sudhansu/Desktop/Arduino/Serial_terminal/ros2_ws/install/my_robot_hardware/share/my_robot_hardware/package.zsh'
[0.847s] Level 1:colcon.colcon_core.environment:create_file_with_runtime_dependencies(/home/sudhansu/Desktop/Arduino/Serial_terminal/ros2_ws/install/my_robot_hardware/share/colcon-core/packages/my_robot_hardware)
[1.190s] DEBUG:colcon.colcon_core.event_handler.log_command:Invoking command in '/home/sudhansu/Desktop/Arduino/Serial_terminal/ros2_ws/src/serial_motor_node': PYTHONPATH=/home/sudhansu/Desktop/Arduino/Serial_terminal/ros2_ws/build/serial_motor_node/prefix_override:/usr/lib/python3/dist-packages/colcon_core/task/python/colcon_distutils_commands:/home/sudhansu/Desktop/Arduino/Serial_terminal/ros2_ws/install/serial_motor_node/lib/python3.10/site-packages:${PYTHONPATH} /usr/bin/python3 -W ignore:setup.py install is deprecated -W ignore:easy_install command is deprecated setup.py egg_info --egg-base ../../build/serial_motor_node build --build-base /home/sudhansu/Desktop/Arduino/Serial_terminal/ros2_ws/build/serial_motor_node/build install --record /home/sudhansu/Desktop/Arduino/Serial_terminal/ros2_ws/build/serial_motor_node/install.log --single-version-externally-managed install_data
[1.522s] Level 1:colcon.colcon_core.environment:checking '/home/sudhansu/Desktop/Arduino/Serial_terminal/ros2_ws/install/serial_motor_node' for CMake module files
[1.522s] DEBUG:colcon.colcon_core.event_handler.log_command:Invoked command in '/home/sudhansu/Desktop/Arduino/Serial_terminal/ros2_ws/src/serial_motor_node' returned '0': PYTHONPATH=/home/sudhansu/Desktop/Arduino/Serial_terminal/ros2_ws/build/serial_motor_node/prefix_override:/usr/lib/python3/dist-packages/colcon_core/task/python/colcon_distutils_commands:/home/sudhansu/Desktop/Arduino/Serial_terminal/ros2_ws/install/serial_motor_node/lib/python3.10/site-packages:${PYTHONPATH} /usr/bin/python3 -W ignore:setup.py install is deprecated -W ignore:easy_install command is deprecated setup.py egg_info --egg-base ../../build/serial_motor_node build --build-base /home/sudhansu/Desktop/Arduino/Serial_terminal/ros2_ws/build/serial_motor_node/build install --record /home/sudhansu/Desktop/Arduino/Serial_terminal/ros2_ws/build/serial_motor_node/install.log --single-version-externally-managed install_data
[1.523s] Level 1:colcon.colcon_core.environment:checking '/home/sudhansu/Desktop/Arduino/Serial_terminal/ros2_ws/install/serial_motor_node' for CMake config files
[1.524s] Level 1:colcon.colcon_core.environment:checking '/home/sudhansu/Desktop/Arduino/Serial_terminal/ros2_ws/install/serial_motor_node/lib'
[1.524s] Level 1:colcon.colcon_core.environment:checking '/home/sudhansu/Desktop/Arduino/Serial_terminal/ros2_ws/install/serial_motor_node/bin'
[1.525s] Level 1:colcon.colcon_core.environment:checking '/home/sudhansu/Desktop/Arduino/Serial_terminal/ros2_ws/install/serial_motor_node/lib/pkgconfig/serial_motor_node.pc'
[1.525s] Level 1:colcon.colcon_core.environment:checking '/home/sudhansu/Desktop/Arduino/Serial_terminal/ros2_ws/install/serial_motor_node/lib/python3.10/site-packages'
[1.525s] Level 1:colcon.colcon_core.shell:create_environment_hook('serial_motor_node', 'pythonpath')
[1.525s] INFO:colcon.colcon_core.shell:Creating environment hook '/home/sudhansu/Desktop/Arduino/Serial_terminal/ros2_ws/install/serial_motor_node/share/serial_motor_node/hook/pythonpath.ps1'
[1.526s] INFO:colcon.colcon_core.shell:Creating environment descriptor '/home/sudhansu/Desktop/Arduino/Serial_terminal/ros2_ws/install/serial_motor_node/share/serial_motor_node/hook/pythonpath.dsv'
[1.526s] INFO:colcon.colcon_core.shell:Creating environment hook '/home/sudhansu/Desktop/Arduino/Serial_terminal/ros2_ws/install/serial_motor_node/share/serial_motor_node/hook/pythonpath.sh'
[1.526s] Level 1:colcon.colcon_core.environment:checking '/home/sudhansu/Desktop/Arduino/Serial_terminal/ros2_ws/install/serial_motor_node/bin'
[1.527s] Level 1:colcon.colcon_core.environment:create_environment_scripts_only(serial_motor_node)
[1.527s] INFO:colcon.colcon_core.shell:Creating package script '/home/sudhansu/Desktop/Arduino/Serial_terminal/ros2_ws/install/serial_motor_node/share/serial_motor_node/package.ps1'
[1.527s] INFO:colcon.colcon_core.shell:Creating package descriptor '/home/sudhansu/Desktop/Arduino/Serial_terminal/ros2_ws/install/serial_motor_node/share/serial_motor_node/package.dsv'
[1.528s] INFO:colcon.colcon_core.shell:Creating package script '/home/sudhansu/Desktop/Arduino/Serial_terminal/ros2_ws/install/serial_motor_node/share/serial_motor_node/package.sh'
[1.528s] INFO:colcon.colcon_core.shell:Creating package script '/home/sudhansu/Desktop/Arduino/Serial_terminal/ros2_ws/install/serial_motor_node/share/serial_motor_node/package.bash'
[1.528s] INFO:colcon.colcon_core.shell:Creating package script '/home/sudhansu/Desktop/Arduino/Serial_terminal/ros2_ws/install/serial_motor_node/share/serial_motor_node/package.zsh'
[1.529s] Level 1:colcon.colcon_core.environment:create_file_with_runtime_dependencies(/home/sudhansu/Desktop/Arduino/Serial_terminal/ros2_ws/install/serial_motor_node/share/colcon-core/packages/serial_motor_node)
[1.529s] DEBUG:colcon.colcon_parallel_executor.executor.parallel:closing loop
[1.529s] DEBUG:colcon.colcon_parallel_executor.executor.parallel:loop closed
[1.529s] DEBUG:colcon.colcon_parallel_executor.executor.parallel:run_until_complete finished with '0'
[1.529s] DEBUG:colcon.colcon_core.event_reactor:joining thread
[1.539s] INFO:colcon.colcon_core.plugin_system:Skipping extension 'colcon_notification.desktop_notification.terminal_notifier': Not used on non-Darwin systems
[1.539s] INFO:colcon.colcon_core.plugin_system:Skipping extension 'colcon_notification.desktop_notification.win32': Not used on non-Windows systems
[1.539s] INFO:colcon.colcon_notification.desktop_notification:Sending desktop notification using 'notify2'
[1.551s] DEBUG:colcon.colcon_core.event_reactor:joined thread
[1.551s] INFO:colcon.colcon_core.shell:Creating prefix script '/home/sudhansu/Desktop/Arduino/Serial_terminal/ros2_ws/install/local_setup.ps1'
[1.553s] INFO:colcon.colcon_core.shell:Creating prefix util module '/home/sudhansu/Desktop/Arduino/Serial_terminal/ros2_ws/install/_local_setup_util_ps1.py'
[1.557s] INFO:colcon.colcon_core.shell:Creating prefix chain script '/home/sudhansu/Desktop/Arduino/Serial_terminal/ros2_ws/install/setup.ps1'
[1.559s] INFO:colcon.colcon_core.shell:Creating prefix script '/home/sudhansu/Desktop/Arduino/Serial_terminal/ros2_ws/install/local_setup.sh'
[1.559s] INFO:colcon.colcon_core.shell:Creating prefix util module '/home/sudhansu/Desktop/Arduino/Serial_terminal/ros2_ws/install/_local_setup_util_sh.py'
[1.560s] INFO:colcon.colcon_core.shell:Creating prefix chain script '/home/sudhansu/Desktop/Arduino/Serial_terminal/ros2_ws/install/setup.sh'
[1.562s] INFO:colcon.colcon_core.shell:Creating prefix script '/home/sudhansu/Desktop/Arduino/Serial_terminal/ros2_ws/install/local_setup.bash'
[1.563s] INFO:colcon.colcon_core.shell:Creating prefix chain script '/home/sudhansu/Desktop/Arduino/Serial_terminal/ros2_ws/install/setup.bash'
[1.564s] INFO:colcon.colcon_core.shell:Creating prefix script '/home/sudhansu/Desktop/Arduino/Serial_terminal/ros2_ws/install/local_setup.zsh'
[1.564s] INFO:colcon.colcon_core.shell:Creating prefix chain script '/home/sudhansu/Desktop/Arduino/Serial_terminal/ros2_ws/install/setup.zsh'
