running develop
Removing /home/sudhansu/Desktop/Arduino/Serial_terminal/ros2_ws/install/serial_motor_node/lib/python3.10/site-packages/serial-motor-node.egg-link (link to .)
running egg_info
writing ../../build/serial_motor_node/serial_motor_node.egg-info/PKG-INFO
writing dependency_links to ../../build/serial_motor_node/serial_motor_node.egg-info/dependency_links.txt
writing entry points to ../../build/serial_motor_node/serial_motor_node.egg-info/entry_points.txt
writing requirements to ../../build/serial_motor_node/serial_motor_node.egg-info/requires.txt
writing top-level names to ../../build/serial_motor_node/serial_motor_node.egg-info/top_level.txt
reading manifest file '../../build/serial_motor_node/serial_motor_node.egg-info/SOURCES.txt'
writing manifest file '../../build/serial_motor_node/serial_motor_node.egg-info/SOURCES.txt'
running build
running build_py
creating /home/sudhansu/Desktop/Arduino/Serial_terminal/ros2_ws/build/serial_motor_node/build
creating /home/sudhansu/Desktop/Arduino/Serial_terminal/ros2_ws/build/serial_motor_node/build/lib
creating /home/sudhansu/Desktop/Arduino/Serial_terminal/ros2_ws/build/serial_motor_node/build/lib/serial_motor_node
copying serial_motor_node/serial_node.py -> /home/sudhansu/Desktop/Arduino/Serial_terminal/ros2_ws/build/serial_motor_node/build/lib/serial_motor_node
copying serial_motor_node/__init__.py -> /home/sudhansu/Desktop/Arduino/Serial_terminal/ros2_ws/build/serial_motor_node/build/lib/serial_motor_node
running install
running install_lib
creating /home/sudhansu/Desktop/Arduino/Serial_terminal/ros2_ws/install/serial_motor_node/lib/python3.10/site-packages/serial_motor_node
copying /home/sudhansu/Desktop/Arduino/Serial_terminal/ros2_ws/build/serial_motor_node/build/lib/serial_motor_node/serial_node.py -> /home/sudhansu/Desktop/Arduino/Serial_terminal/ros2_ws/install/serial_motor_node/lib/python3.10/site-packages/serial_motor_node
copying /home/sudhansu/Desktop/Arduino/Serial_terminal/ros2_ws/build/serial_motor_node/build/lib/serial_motor_node/__init__.py -> /home/sudhansu/Desktop/Arduino/Serial_terminal/ros2_ws/install/serial_motor_node/lib/python3.10/site-packages/serial_motor_node
byte-compiling /home/sudhansu/Desktop/Arduino/Serial_terminal/ros2_ws/install/serial_motor_node/lib/python3.10/site-packages/serial_motor_node/serial_node.py to serial_node.cpython-310.pyc
byte-compiling /home/sudhansu/Desktop/Arduino/Serial_terminal/ros2_ws/install/serial_motor_node/lib/python3.10/site-packages/serial_motor_node/__init__.py to __init__.cpython-310.pyc
running install_data
copying resource/serial_motor_node -> /home/sudhansu/Desktop/Arduino/Serial_terminal/ros2_ws/install/serial_motor_node/share/ament_index/resource_index/packages
copying package.xml -> /home/sudhansu/Desktop/Arduino/Serial_terminal/ros2_ws/install/serial_motor_node/share/serial_motor_node
running install_egg_info
Copying ../../build/serial_motor_node/serial_motor_node.egg-info to /home/sudhansu/Desktop/Arduino/Serial_terminal/ros2_ws/install/serial_motor_node/lib/python3.10/site-packages/serial_motor_node-0.0.0-py3.10.egg-info
running install_scripts
Installing serial_node script to /home/sudhansu/Desktop/Arduino/Serial_terminal/ros2_ws/install/serial_motor_node/lib/serial_motor_node
writing list of installed files to '/home/sudhansu/Desktop/Arduino/Serial_terminal/ros2_ws/build/serial_motor_node/install.log'
